../Core/Src/potenciometro.c:25:6:POT_Init	16	static
../Core/Src/potenciometro.c:29:10:POT_LeerADC	8	static
../Core/Src/potenciometro.c:41:6:POT_SetNumJugadores	16	static
../Core/Src/potenciometro.c:49:9:POT_GetNumJugadores	4	static
../Core/Src/potenciometro.c:54:6:POT_ActualizarDificultad	16	static
../Core/Src/potenciometro.c:69:14:POT_GetDificultad	4	static
../Core/Src/potenciometro.c:73:10:POT_GetTiempoMax	4	static
../Core/Src/potenciometro.c:90:6:POT_SeleccionarJugadores	24	static
../Core/Src/potenciometro.c:125:6:POT_SeleccionarDificultad	24	static
