13:27:32 **** Incremental Build of configuration Debug for project HYPSTER ****
make -j8 all 
arm-none-eabi-gcc "../Core/Src/leds.c" -mcpu=cortex-m4 -std=gnu11 -g3 -DDEBUG -DUSE_HAL_DRIVER -DSTM32F411xE -c -I../Core/Inc -I../Drivers/STM32F4xx_HAL_Driver/Inc -I../Drivers/STM32F4xx_HAL_Driver/Inc/Legacy -I../Drivers/CMSIS/Device/ST/STM32F4xx/Include -I../Drivers/CMSIS/Include -O0 -ffunction-sections -fdata-sections -Wall -fstack-usage -MMD -MP -MF"Core/Src/leds.d" -MT"Core/Src/leds.o" --specs=nano.specs -mfpu=fpv4-sp-d16 -mfloat-abi=hard -mthumb -o "Core/Src/leds.o"
arm-none-eabi-gcc -o "HYPSTER.elf" @"objects.list"   -mcpu=cortex-m4 -T"C:\Users\Critina Gomez\Documents\GitHub\Micros\HYPSTER\STM32F411VETX_FLASH.ld" --specs=nosys.specs -Wl,-Map="HYPSTER.map" -Wl,--gc-sections -static --specs=nano.specs -mfpu=fpv4-sp-d16 -mfloat-abi=hard -mthumb -Wl,--start-group -lc -lm -Wl,--end-group
Finished building target: HYPSTER.elf
 
arm-none-eabi-size   HYPSTER.elf 
arm-none-eabi-objdump -h -S  HYPSTER.elf  > "HYPSTER.list"
arm-none-eabi-objcopy  -O binary  HYPSTER.elf  "HYPSTER.bin"
   text	   data	    bss	    dec	    hex	filename
  13068	    128	   1680	  14876	   3a1c	HYPSTER.elf
Finished building: default.size.stdout
 
Finished building: HYPSTER.bin
 
Finished building: HYPSTER.list
 

13:27:34 Build Finished. 0 errors, 0 warnings. (took 1s.629ms)

